#-----------------------------------------------------------
# Vivado v2023.1 (64-bit)
# SW Build 3865809 on Sun May  7 15:05:29 MDT 2023
# IP Build 3864474 on Sun May  7 20:36:21 MDT 2023
# SharedData Build 3865790 on Sun May 07 13:33:03 MDT 2023
# Start of session at: Tue Jan 30 13:20:55 2024
# Process ID: 22784
# Current directory: C:/Users/sondre.selsaas/OneDrive - AUTOSTORE AS/Documents/Master/project_2/project_2.runs/impl_1
# Command line: vivado.exe -log simple_dual_one_clock.vdi -applog -product Vivado -messageDb vivado.pb -mode batch -source simple_dual_one_clock.tcl -notrace
# Log file: C:/Users/sondre.selsaas/OneDrive - AUTOSTORE AS/Documents/Master/project_2/project_2.runs/impl_1/simple_dual_one_clock.vdi
# Journal file: C:/Users/sondre.selsaas/OneDrive - AUTOSTORE AS/Documents/Master/project_2/project_2.runs/impl_1\vivado.jou
# Running On: LAPTOP-N0URHOHC, OS: Windows, CPU Frequency: 2803 MHz, CPU Physical cores: 14, Host memory: 16830 MB
#-----------------------------------------------------------
source simple_dual_one_clock.tcl -notrace
